dir2consul/repo/README : readme file
dir2consul/repo/a/a : a
dir2consul/repo/a/test-text : a
dir2consul/repo/b/b : b
dir2consul/repo/b/test-text : b
dir2consul/repo/bad-properties/i : give up
dir2consul/repo/good-json/a : 1
dir2consul/repo/good-json/b/boolean : true
dir2consul/repo/good-json/b/number : 101
dir2consul/repo/good-json/b/string : something
dir2consul/repo/good-json/c : [ 1, 2, 3]
dir2consul/repo/good-json/d/for : kids
dir2consul/repo/good-json/d/silly : rabbit
dir2consul/repo/good-json/d/trixs : are
dir2consul/repo/good-properties/app/name : dir2consul test
dir2consul/repo/good-properties/app/network/host : shazam
dir2consul/repo/good-properties/app/network/port : 65535
dir2consul/repo/good-properties/db/password : password
dir2consul/repo/good-properties/db/url : localhost:1234
dir2consul/repo/good-properties/db/user : doritos
dir2consul/repo/good-properties/glibc_version : vanilla
dir2consul/repo/good-properties/java_home : /you/live/here
dir2consul/repo/good-properties/java_jce : standardOrNot
dir2consul/repo/good-properties/java_mem_args : -Xss9000 -Xms1024g -Xmx4 -Xyzok -Yyz rocks
dir2consul/repo/good-properties/java_package : jdk
dir2consul/repo/good-properties/java_version_build : phat
dir2consul/repo/good-properties/java_version_download_hash : SomeWhereOverTehRainbow
dir2consul/repo/good-properties/java_version_major : 9000
dir2consul/repo/good-properties/java_version_minor : yes
dir2consul/repo/good-properties/lang : C.UTF-8
dir2consul/repo/good-yaml/aboolean : true
dir2consul/repo/good-yaml/anull : 
dir2consul/repo/good-yaml/astring : this is a normal string
dir2consul/repo/good-yaml/basket/fruits : 
dir2consul/repo/good-yaml/basket/nuts/crunchy : peanut
dir2consul/repo/good-yaml/basket/nuts/tasty : almond
dir2consul/repo/good-yaml/bboolean : false
dir2consul/repo/good-yaml/bnull : 
dir2consul/repo/good-yaml/bstring : this is not a normal string\n
dir2consul/repo/good-yaml/counting : 
dir2consul/repo/good-yaml/fruits : 
dir2consul/repo/good-yaml/light : true
dir2consul/repo/good-yaml/numbers : [ 1, 2, 3, 4, 5 ]
dir2consul/repo/good-yaml/tv : false
dir2consul/repo/our/c42_cluster_primary_address : clients.us.code42.com
dir2consul/repo/our/c42_cluster_website_host : console.us.code42.com
dir2consul/repo/our/c42_node_primary_address : east-primary-1-sabre.us.code42.com
dir2consul/repo/our/c42_space_address : east-primary-1.internal.code42
dir2consul/repo/our/c42_super_peer_address : east-primary-1.internal.code42
dir2consul/repo/our/c42_website_host : east-primary-1.us.code42.com
dir2consul/repo/our/glibc_version : 2.23-r3
dir2consul/repo/our/groovy_overrides : -config /home/central/current/pro_core/conf/conf_prd_saas.groovy
dir2consul/repo/our/java_home : /opt/jdk
dir2consul/repo/our/java_jce : standard
dir2consul/repo/our/java_mem_args : -Xss256k -Xms1024m -Xmx10822m
dir2consul/repo/our/java_package : jdk
dir2consul/repo/our/java_version_build : 13
dir2consul/repo/our/java_version_download_hash : 96a7b8442fe848ef90c96a2fad6ed6d1
dir2consul/repo/our/java_version_major : 8
dir2consul/repo/our/java_version_minor : 181
dir2consul/repo/our/lang : C.UTF-8
dir2consul/repo/our/launch_target : deployment
dir2consul/repo/our/node_image : 917680760042.dkr.ecr.us-east-1.amazonaws.com/c42/authority:7.8.0.480-rc-release-cloud-7.8.0
dir2consul/repo/our/prop_overrides : -prop /home/central/current/pro_core/conf/conf_prd_saas.properties -prop /home/central/current/pro_core/conf/conf_local.properties
dir2consul/repo/skipme : May be skipped.
dir2consul/repo/text : some text
